// Jest Snapshot v1, https://goo.gl/fbAQLP

exports[`AboutContainer component should render the container with children 1`] = `
<div
  className="AboutContainer-root-1"
>
  <div
    className="MuiGrid-typeItem-3 MuiGrid-grid-xs-12-37 MuiGrid-grid-sm-12-50"
  >
    <div
      className="Definition-root-90"
    >
      <div
        className="Definition-para-91"
      >
        <h1
          className="MuiTypography-root-94 MuiTypography-display3-96 Definition-title-93"
        >
          SECOND WIND
        </h1>
        <h1
          className="MuiTypography-root-94 MuiTypography-headline-99 Definition-text-92"
        >
          A renewed energy for a fresh breakthrough.
        </h1>
      </div>
    </div>
    <div
      className="Mission-root-118"
    >
      <div
        className="Mission-para-119"
      >
        <h1
          className="MuiTypography-root-94 MuiTypography-display3-96 Mission-title-121"
        >
          MISSION
        </h1>
        <h3
          className="MuiTypography-root-94 MuiTypography-subheading-101 Mission-text-120"
        >
          To provide resources for swim bike run enthusiasts to achieve breakthroughs. To build a community that helps one another find their Second Wind.
        </h3>
      </div>
    </div>
    <div
      className="Values-root-122"
    >
      <div
        className="Values-para-123"
      >
        <div
          align="center"
          className="MuiGrid-typeContainer-2 MuiGrid-spacing-xs-40-24 MuiGrid-justify-xs-center-17"
        >
          <div
            className="MuiGrid-typeItem-3 MuiGrid-grid-xs-12-37"
          >
            <h1
              className="MuiTypography-root-94 MuiTypography-display3-96 Values-title-125"
            >
              VALUES
            </h1>
          </div>
          <div
            className="MuiGrid-typeItem-3 MuiGrid-grid-xs-12-37 MuiGrid-grid-sm-12-50 MuiGrid-grid-md-4-55 Values-grid-124"
          >
            <h2
              className="MuiTypography-root-94 MuiTypography-title-100"
            >
              COMPASSION
            </h2>
            <h3
              className="MuiTypography-root-94 MuiTypography-subheading-101 Values-text-126"
            >
              We believe practicing compassion in everything we do enables us to help individuals find their Second Wind, by creating an environment where everyone is welcomed to explore, innovate and breakthrough.
            </h3>
          </div>
          <div
            className="MuiGrid-typeItem-3 MuiGrid-grid-xs-12-37 MuiGrid-grid-sm-12-50 MuiGrid-grid-md-4-55 Values-grid-124"
          >
            <h2
              className="MuiTypography-root-94 MuiTypography-title-100"
            >
              BETTERMENT
            </h2>
            <h2
              className="MuiTypography-root-94 MuiTypography-title-100"
            >
              OF SELF
            </h2>
            <h3
              className="MuiTypography-root-94 MuiTypography-subheading-101 Values-text-126"
            >
              We believe in seeking self-betterment everything we do. By pursuing the betterment of self, Second Wind Nation believes every individual can achieve their personal goals.
            </h3>
          </div>
          <div
            className="MuiGrid-typeItem-3 MuiGrid-grid-xs-12-37 MuiGrid-grid-sm-12-50 MuiGrid-grid-md-4-55 Values-grid-124"
          >
            <h2
              className="MuiTypography-root-94 MuiTypography-title-100"
            >
              BEING
            </h2>
            <h2
              className="MuiTypography-root-94 MuiTypography-title-100"
            >
              COMMUNITY
            </h2>
            <h2
              className="MuiTypography-root-94 MuiTypography-title-100"
            >
              ORIENTED
            </h2>
            <h3
              className="MuiTypography-root-94 MuiTypography-subheading-101 Values-text-126"
            >
              We believe in leveraging on each other‘s strengths and harnessing the collective energy of the swim bike run community. Second Wind Nation exists to serve this community better everyday.
            </h3>
          </div>
        </div>
      </div>
    </div>
    <div
      className="Team-root-127"
    >
      <div
        className="Team-para-128"
      >
        <div
          align="center"
          className="MuiGrid-typeContainer-2 MuiGrid-spacing-xs-40-24 MuiGrid-justify-xs-center-17"
        >
          <div
            className="MuiGrid-typeItem-3 MuiGrid-grid-xs-12-37"
          >
            <h1
              className="MuiTypography-root-94 MuiTypography-display3-96 Team-title-130"
            >
              TEAM
            </h1>
          </div>
          <div
            className="MuiGrid-typeItem-3 MuiGrid-grid-xs-4-29 MuiGrid-grid-sm-4-42 MuiGrid-grid-md-4-55"
          >
            <div
              className="MuiAvatar-root-132 MuiAvatar-colorDefault-133"
              style={
                Object {
                  "margin": "auto",
                }
              }
            >
              A
            </div>
            <h2
              className="MuiTypography-root-94 MuiTypography-title-100"
              style={
                Object {
                  "marginTop": 10,
                }
              }
            >
              Alan
            </h2>
            <h3
              className="MuiTypography-root-94 MuiTypography-subheading-101"
            >
              Editor
            </h3>
          </div>
          <div
            className="MuiGrid-typeItem-3 MuiGrid-grid-xs-4-29 MuiGrid-grid-sm-4-42 MuiGrid-grid-md-4-55"
          >
            <div
              className="MuiAvatar-root-132 MuiAvatar-colorDefault-133"
              style={
                Object {
                  "margin": "auto",
                }
              }
            >
              C
            </div>
            <h2
              className="MuiTypography-root-94 MuiTypography-title-100"
              style={
                Object {
                  "marginTop": 10,
                }
              }
            >
              Chris
            </h2>
            <h3
              className="MuiTypography-root-94 MuiTypography-subheading-101"
            >
              Development Coach
            </h3>
          </div>
          <div
            className="MuiGrid-typeItem-3 MuiGrid-grid-xs-4-29 MuiGrid-grid-sm-4-42 MuiGrid-grid-md-4-55"
          >
            <div
              className="MuiAvatar-root-132 MuiAvatar-colorDefault-133"
              style={
                Object {
                  "margin": "auto",
                }
              }
            >
              E
            </div>
            <h2
              className="MuiTypography-root-94 MuiTypography-title-100"
              style={
                Object {
                  "marginTop": 10,
                }
              }
            >
              Eugene
            </h2>
            <h3
              className="MuiTypography-root-94 MuiTypography-subheading-101"
            >
              Performance Coach
            </h3>
          </div>
          <div
            className="MuiGrid-typeItem-3 MuiGrid-grid-xs-4-29 MuiGrid-grid-sm-4-42 MuiGrid-grid-md-4-55"
          >
            <div
              className="MuiAvatar-root-132 MuiAvatar-colorDefault-133"
              style={
                Object {
                  "margin": "auto",
                }
              }
            >
              M
            </div>
            <h2
              className="MuiTypography-root-94 MuiTypography-title-100"
              style={
                Object {
                  "marginTop": 10,
                }
              }
            >
              Melissa
            </h2>
            <h3
              className="MuiTypography-root-94 MuiTypography-subheading-101"
            >
              Marcoms Strategist
            </h3>
          </div>
          <div
            className="MuiGrid-typeItem-3 MuiGrid-grid-xs-4-29 MuiGrid-grid-sm-4-42 MuiGrid-grid-md-4-55"
          >
            <div
              className="MuiAvatar-root-132 MuiAvatar-colorDefault-133"
              style={
                Object {
                  "margin": "auto",
                }
              }
            >
              R
            </div>
            <h2
              className="MuiTypography-root-94 MuiTypography-title-100"
              style={
                Object {
                  "marginTop": 10,
                }
              }
            >
              Romaine
            </h2>
            <h3
              className="MuiTypography-root-94 MuiTypography-subheading-101"
            >
              Editor
            </h3>
          </div>
          <div
            className="MuiGrid-typeItem-3 MuiGrid-grid-xs-4-29 MuiGrid-grid-sm-4-42 MuiGrid-grid-md-4-55"
          >
            <div
              className="MuiAvatar-root-132 MuiAvatar-colorDefault-133"
              style={
                Object {
                  "margin": "auto",
                }
              }
            >
              S
            </div>
            <h2
              className="MuiTypography-root-94 MuiTypography-title-100"
              style={
                Object {
                  "marginTop": 10,
                }
              }
            >
              Shen
            </h2>
            <h3
              className="MuiTypography-root-94 MuiTypography-subheading-101"
            >
              Development Coach
            </h3>
          </div>
          <div
            className="MuiGrid-typeItem-3 MuiGrid-grid-xs-4-29 MuiGrid-grid-sm-4-42 MuiGrid-grid-md-4-55"
          >
            <div
              className="MuiAvatar-root-132 MuiAvatar-colorDefault-133"
              style={
                Object {
                  "margin": "auto",
                }
              }
            >
              YW
            </div>
            <h2
              className="MuiTypography-root-94 MuiTypography-title-100"
              style={
                Object {
                  "marginTop": 10,
                }
              }
            >
              Yew Wee
            </h2>
            <h3
              className="MuiTypography-root-94 MuiTypography-subheading-101"
            >
              Chief Technology Officer
            </h3>
          </div>
          <div
            className="MuiGrid-typeItem-3 MuiGrid-grid-xs-4-29 MuiGrid-grid-sm-4-42 MuiGrid-grid-md-4-55"
          >
            <div
              className="MuiAvatar-root-132 MuiAvatar-colorDefault-133"
              style={
                Object {
                  "margin": "auto",
                }
              }
            >
              Z
            </div>
            <h2
              className="MuiTypography-root-94 MuiTypography-title-100"
              style={
                Object {
                  "marginTop": 10,
                }
              }
            >
              Z
            </h2>
            <h3
              className="MuiTypography-root-94 MuiTypography-subheading-101"
            >
              Volunteer Photographer
            </h3>
          </div>
          <div
            className="MuiGrid-typeItem-3 MuiGrid-grid-xs-4-29 MuiGrid-grid-sm-4-42 MuiGrid-grid-md-4-55"
          >
            <div
              className="MuiAvatar-root-132 MuiAvatar-colorDefault-133"
              style={
                Object {
                  "margin": "auto",
                }
              }
            >
              JH
            </div>
            <h2
              className="MuiTypography-root-94 MuiTypography-title-100"
              style={
                Object {
                  "marginTop": 10,
                }
              }
            >
              Jian Hao
            </h2>
            <h3
              className="MuiTypography-root-94 MuiTypography-subheading-101"
            >
              Web Developer
            </h3>
          </div>
        </div>
      </div>
    </div>
  </div>
</div>
`;
